09:50:34 **** Incremental Build of configuration Debug for project STM32_Eg1 ****
make -j4 all 
arm-none-eabi-gcc "../Src/main.c" -mcpu=cortex-m4 -std=gnu11 -g3 -DSTM32 -DSTM32F407G_DISC1 -DSTM32F4 -DSTM32F407VGTx -DDEBUG -c -I../Inc -O0 -ffunction-sections -fdata-sections -Wall -fstack-usage -MMD -MP -MF"Src/main.d" -MT"Src/main.o" --specs=nano.specs -mfloat-abi=soft -mthumb -o "Src/main.o"
arm-none-eabi-gcc -o "STM32_Eg1.elf" @"objects.list"   -mcpu=cortex-m4 -T"C:\Users\99003165\Desktop\Genesis\STM32\STM32_Eg1\STM32F407VGTX_FLASH.ld" --specs=nosys.specs -Wl,-Map="STM32_Eg1.map" -Wl,--gc-sections -static --specs=nano.specs -mfloat-abi=soft -mthumb -Wl,--start-group -lc -lm -Wl,--end-group
Finished building target: STM32_Eg1.elf
 
arm-none-eabi-objdump -h -S  STM32_Eg1.elf  > "STM32_Eg1.list"
arm-none-eabi-objcopy  -O binary  STM32_Eg1.elf  "STM32_Eg1.bin"
arm-none-eabi-size   STM32_Eg1.elf 
   text	   data	    bss	    dec	    hex	filename
   5800	    180	   1580	   7560	   1d88	STM32_Eg1.elf
Finished building: default.size.stdout
 
Finished building: STM32_Eg1.bin
 
Finished building: STM32_Eg1.list
 

09:50:35 Build Finished. 0 errors, 0 warnings. (took 1s.308ms)

